[0m08:48:57.553221 [debug] [MainThread]: Sending event: {'category': 'dbt', 'action': 'invocation', 'label': 'start', 'context': [<snowplow_tracker.self_describing_json.SelfDescribingJson object at 0x79770ca63150>, <snowplow_tracker.self_describing_json.SelfDescribingJson object at 0x79770c7366d0>, <snowplow_tracker.self_describing_json.SelfDescribingJson object at 0x79770c735e90>]}


============================== 08:48:57.559452 | ce75e834-ee08-4f7b-9f08-64cd5e9fabdc ==============================
[0m08:48:57.559452 [info ] [MainThread]: Running with dbt=1.11.7
[0m08:48:57.560006 [debug] [MainThread]: running dbt with arguments {'invocation_command': 'dbt init', 'version_check': 'True', 'write_json': 'True', 'partial_parse': 'True', 'debug': 'False', 'log_format': 'default', 'send_anonymous_usage_stats': 'True', 'use_colors': 'True', 'target_path': 'None', 'fail_fast': 'False', 'static_parser': 'True', 'warn_error': 'None', 'use_experimental_parser': 'False', 'profiles_dir': '/usr/app/dbt', 'cache_selected_only': 'False', 'empty': 'None', 'indirect_selection': 'eager', 'quiet': 'False', 'log_cache_events': 'False', 'introspect': 'True', 'log_path': 'logs', 'warn_error_options': 'WarnErrorOptionsV2(error=[], warn=[], silence=[])', 'printer_width': '80', 'no_print': 'None'}
[0m08:49:04.319556 [debug] [MainThread]: Starter project path: /usr/local/lib/python3.11/site-packages/dbt/include/starter_project
[0m08:49:04.324056 [info ] [MainThread]: 
Your new dbt project "budget_manager" was created!

For more information on how to configure the profiles.yml file,
please consult the dbt documentation here:

  https://docs.getdbt.com/docs/configure-your-profile

One more thing:

Need help? Don't hesitate to reach out to us via GitHub issues or on Slack:

  https://community.getdbt.com/

Happy modeling!

[0m08:49:04.324435 [info ] [MainThread]: Setting up your profile.
[0m08:55:54.165680 [info ] [MainThread]: Profile budget_manager written to /usr/app/dbt/profiles.yml using target's profile_template.yml and your supplied values. Run 'dbt debug' to validate the connection.
[0m08:55:54.168384 [debug] [MainThread]: Resource report: {"command_name": "init", "command_success": true, "command_wall_clock_time": 416.67197, "process_in_blocks": "0", "process_kernel_time": 0.301315, "process_mem_max_rss": "107936", "process_out_blocks": "2872", "process_user_time": 1.465536}
[0m08:55:54.169748 [debug] [MainThread]: Command `dbt init` succeeded at 08:55:54.169442 after 416.67 seconds
[0m08:55:54.170900 [debug] [MainThread]: Sending event: {'category': 'dbt', 'action': 'invocation', 'label': 'end', 'context': [<snowplow_tracker.self_describing_json.SelfDescribingJson object at 0x79770c6e6a10>, <snowplow_tracker.self_describing_json.SelfDescribingJson object at 0x79770c70b350>, <snowplow_tracker.self_describing_json.SelfDescribingJson object at 0x79770c70b4d0>]}
[0m08:55:54.171953 [debug] [MainThread]: Flushing usage events
[0m08:55:55.405292 [debug] [MainThread]: An error was encountered while trying to flush usage events
[0m10:20:47.071557 [debug] [MainThread]: Sending event: {'category': 'dbt', 'action': 'invocation', 'label': 'start', 'context': [<snowplow_tracker.self_describing_json.SelfDescribingJson object at 0x719749cad390>, <snowplow_tracker.self_describing_json.SelfDescribingJson object at 0x719749993a90>, <snowplow_tracker.self_describing_json.SelfDescribingJson object at 0x719749560b10>]}


============================== 10:20:47.077848 | d2e83a9e-4b0e-48a1-a7b8-3ff0f2c87cfb ==============================
[0m10:20:47.077848 [info ] [MainThread]: Running with dbt=1.11.7
[0m10:20:47.078416 [debug] [MainThread]: running dbt with arguments {'quiet': 'False', 'log_path': 'logs', 'warn_error': 'None', 'partial_parse': 'True', 'introspect': 'True', 'send_anonymous_usage_stats': 'True', 'debug': 'False', 'log_format': 'default', 'empty': 'None', 'cache_selected_only': 'False', 'no_print': 'None', 'version_check': 'True', 'warn_error_options': 'WarnErrorOptionsV2(error=[], warn=[], silence=[])', 'write_json': 'True', 'log_cache_events': 'False', 'profiles_dir': '/usr/app/dbt', 'use_colors': 'True', 'invocation_command': 'dbt debug', 'fail_fast': 'False', 'indirect_selection': 'eager', 'target_path': 'None', 'use_experimental_parser': 'False', 'printer_width': '80', 'static_parser': 'True'}
[0m10:20:47.086974 [info ] [MainThread]: dbt version: 1.11.7
[0m10:20:47.087375 [info ] [MainThread]: python version: 3.11.2
[0m10:20:47.087777 [info ] [MainThread]: python path: /usr/local/bin/python
[0m10:20:47.088183 [info ] [MainThread]: os info: Linux-6.17.0-19-generic-x86_64-with-glibc2.31
[0m10:20:47.137044 [info ] [MainThread]: Using profiles dir at /usr/app/dbt
[0m10:20:47.137506 [info ] [MainThread]: Using profiles.yml file at /usr/app/dbt/profiles.yml
[0m10:20:47.137892 [info ] [MainThread]: Using dbt_project.yml file at /usr/app/dbt/dbt_project.yml
[0m10:20:47.138426 [info ] [MainThread]: adapter type: postgres
[0m10:20:47.138763 [info ] [MainThread]: adapter version: 1.9.0
[0m10:20:47.139101 [info ] [MainThread]: Configuration:
[0m10:20:47.139418 [info ] [MainThread]:   profiles.yml file [[32mOK found and valid[0m]
[0m10:20:47.139742 [info ] [MainThread]:   dbt_project.yml file [[31mERROR not found[0m]
[0m10:20:47.140052 [info ] [MainThread]: Required dependencies:
[0m10:20:47.140404 [debug] [MainThread]: Executing "git --help"
[0m10:20:47.144259 [debug] [MainThread]: STDOUT: "b"usage: git [-v | --version] [-h | --help] [-C <path>] [-c <name>=<value>]\n           [--exec-path[=<path>]] [--html-path] [--man-path] [--info-path]\n           [-p | --paginate | -P | --no-pager] [--no-replace-objects] [--no-lazy-fetch]\n           [--no-optional-locks] [--no-advice] [--bare] [--git-dir=<path>]\n           [--work-tree=<path>] [--namespace=<name>] [--config-env=<name>=<envvar>]\n           <command> [<args>]\n\nThese are common Git commands used in various situations:\n\nstart a working area (see also: git help tutorial)\n   clone      Clone a repository into a new directory\n   init       Create an empty Git repository or reinitialize an existing one\n\nwork on the current change (see also: git help everyday)\n   add        Add file contents to the index\n   mv         Move or rename a file, a directory, or a symlink\n   restore    Restore working tree files\n   rm         Remove files from the working tree and from the index\n\nexamine the history and state (see also: git help revisions)\n   bisect     Use binary search to find the commit that introduced a bug\n   diff       Show changes between commits, commit and working tree, etc\n   grep       Print lines matching a pattern\n   log        Show commit logs\n   show       Show various types of objects\n   status     Show the working tree status\n\ngrow, mark and tweak your common history\n   backfill   Download missing objects in a partial clone\n   branch     List, create, or delete branches\n   commit     Record changes to the repository\n   merge      Join two or more development histories together\n   rebase     Reapply commits on top of another base tip\n   reset      Reset current HEAD to the specified state\n   switch     Switch branches\n   tag        Create, list, delete or verify a tag object signed with GPG\n\ncollaborate (see also: git help workflows)\n   fetch      Download objects and refs from another repository\n   pull       Fetch from and integrate with another repository or a local branch\n   push       Update remote refs along with associated objects\n\n'git help -a' and 'git help -g' list available subcommands and some\nconcept guides. See 'git help <command>' or 'git help <concept>'\nto read about a specific subcommand or concept.\nSee 'git help git' for an overview of the system.\n""
[0m10:20:47.144984 [debug] [MainThread]: STDERR: "b''"
[0m10:20:47.145385 [info ] [MainThread]:  - git [[32mOK found[0m]

[0m10:20:47.145791 [info ] [MainThread]: Connection:
[0m10:20:47.146161 [info ] [MainThread]:   host: budget-db
[0m10:20:47.146559 [info ] [MainThread]:   port: 5432
[0m10:20:47.146864 [info ] [MainThread]:   user: tihomir
[0m10:20:47.147144 [info ] [MainThread]:   database: budget_manager_dwh
[0m10:20:47.147433 [info ] [MainThread]:   schema: 02_stg
[0m10:20:47.147697 [info ] [MainThread]:   connect_timeout: 10
[0m10:20:47.147979 [info ] [MainThread]:   role: None
[0m10:20:47.148251 [info ] [MainThread]:   search_path: None
[0m10:20:47.148511 [info ] [MainThread]:   keepalives_idle: 0
[0m10:20:47.148783 [info ] [MainThread]:   sslmode: None
[0m10:20:47.149060 [info ] [MainThread]:   sslcert: None
[0m10:20:47.149323 [info ] [MainThread]:   sslkey: None
[0m10:20:47.149586 [info ] [MainThread]:   sslrootcert: None
[0m10:20:47.149862 [info ] [MainThread]:   application_name: dbt
[0m10:20:47.150158 [info ] [MainThread]:   retries: 1
[0m10:20:47.150574 [info ] [MainThread]: Registered adapter: postgres=1.9.0
[0m10:20:47.252935 [debug] [MainThread]: Acquiring new postgres connection 'debug'
[0m10:20:47.288315 [debug] [MainThread]: Using postgres connection "debug"
[0m10:20:47.288716 [debug] [MainThread]: On debug: select 1 as id
[0m10:20:47.289000 [debug] [MainThread]: Opening a new connection, currently in state init
[0m10:20:47.302424 [debug] [MainThread]: SQL status: SELECT 1 in 0.013 seconds
[0m10:20:47.303382 [debug] [MainThread]: On debug: Close
[0m10:20:47.303727 [info ] [MainThread]:   Connection test: [[32mOK connection ok[0m]

[0m10:20:47.304035 [info ] [MainThread]: [31m1 check failed:[0m
[0m10:20:47.304312 [info ] [MainThread]: Project loading failed for the following reason:
 project path </usr/app/dbt/dbt_project.yml> not found

[0m10:20:47.305184 [debug] [MainThread]: Resource report: {"command_name": "debug", "command_success": false, "command_wall_clock_time": 0.29122147, "process_in_blocks": "0", "process_kernel_time": 0.350341, "process_mem_max_rss": "117668", "process_out_blocks": "2848", "process_user_time": 1.582544}
[0m10:20:47.305618 [debug] [MainThread]: Command `dbt debug` failed at 10:20:47.305521 after 0.29 seconds
[0m10:20:47.306025 [debug] [MainThread]: Connection 'debug' was properly closed.
[0m10:20:47.306360 [debug] [MainThread]: Sending event: {'category': 'dbt', 'action': 'invocation', 'label': 'end', 'context': [<snowplow_tracker.self_describing_json.SelfDescribingJson object at 0x719749578a90>, <snowplow_tracker.self_describing_json.SelfDescribingJson object at 0x7197494c4a50>, <snowplow_tracker.self_describing_json.SelfDescribingJson object at 0x719749510290>]}
[0m10:20:47.306795 [debug] [MainThread]: Flushing usage events
[0m10:20:48.555016 [debug] [MainThread]: An error was encountered while trying to flush usage events
